../Core/Src/main.c:98:6:HAL_CAN_RxFifo0MsgPendingCallback	24	static
../Core/Src/main.c:115:6:HAL_CAN_ErrorCallback	24	static
../Core/Src/main.c:128:5:main	16	static
../Core/Src/main.c:223:6:SystemClock_Config	88	static
../Core/Src/main.c:274:13:MX_CAN1_Init	48	static
../Core/Src/main.c:325:13:MX_ETH_Init	8	static
../Core/Src/main.c:374:13:MX_USART3_UART_Init	8	static
../Core/Src/main.c:409:13:MX_USB_OTG_FS_PCD_Init	8	static
../Core/Src/main.c:444:13:MX_GPIO_Init	56	static
../Core/Src/main.c:502:6:MPU_Config	24	static
../Core/Src/main.c:533:6:Error_Handler	4	static,ignoring_inline_asm
