../Core/Src/main.c:86:6:udp_receive_callback	64	static
../Core/Src/main.c:102:6:udp_server_init	16	static
../Core/Src/main.c:117:5:main	64	static
../Core/Src/main.c:289:6:SystemClock_Config	88	static
../Core/Src/main.c:340:13:MX_CAN1_Init	48	static
../Core/Src/main.c:391:13:MX_USART3_UART_Init	8	static
../Core/Src/main.c:426:13:MX_USB_OTG_FS_PCD_Init	8	static
../Core/Src/main.c:461:13:MX_GPIO_Init	56	static
../Core/Src/main.c:519:6:MPU_Config	24	static
../Core/Src/main.c:550:6:Error_Handler	4	static,ignoring_inline_asm
